{
  "_oai": {
    "updated": "2018-04-12T11:48:20Z", 
    "id": "oai:beta.scoap3.org:9141", 
    "sets": [
      "APPB"
    ]
  }, 
  "dois": [
    {
      "value": "10.5506/APhysPolB.46.45"
    }
  ], 
  "titles": [
    {
      "source": "Jagiellonian University", 
      "subtitle": "", 
      "title": "Measurement of Hadronic Cross Section at KLOE/KLOE-2"
    }
  ], 
  "authors": [
    {
      "raw_name": "De Leo, Veronica", 
      "affiliations": [
        {
          "country": "Italy", 
          "value": "Universita` degli Studi di Messina Dipartimento di Fisica e Scienze della Terra, Viale F. Stagno D'Alcontres 31, 98166 Messina, Italy"
        }
      ], 
      "surname": "De Leo", 
      "given_names": "Veronica", 
      "full_name": "De Leo, Veronica"
    }
  ], 
  "publication_info": [
    {
      "journal_volume": "", 
      "note": "", 
      "page_end": "51", 
      "artid": "", 
      "journal_title": "Acta Physica Polonica B", 
      "year": 2015, 
      "page_start": "45", 
      "pubinfo_freetext": "", 
      "journal_issue": "1"
    }
  ], 
  "$schema": "http://beta.scoap3.org/schemas/hep.json", 
  "copyright": [
    {
      "material": "", 
      "holder": "", 
      "statement": "The Author", 
      "year": ""
    }
  ], 
  "acquisition_source": {
    "date": "2015-02-11T00:00:00", 
    "source": "Jagiellonian University", 
    "method": "scoap3", 
    "submission_number": "37c2dc643e4711e881c402163e01809a"
  }, 
  "license": [
    {
      "url": "http://creativecommons.org/licenses/by/3.0/", 
      "license": "CC-BY-3.0"
    }
  ], 
  "control_number": "9141", 
  "record_creation_date": "2015-02-11T00:00:00", 
  "_files": [
    {
      "checksum": "md5:4d3bcfa6c04e1c5e69b36bbbe4f8bd06", 
      "filetype": "pdf", 
      "bucket": "20119708-2116-4a93-94b6-f54a4062d855", 
      "version_id": "af975e8f-ef22-446a-a165-cb0831dc782a", 
      "key": "10.5506/APhysPolB.46.45.pdf", 
      "size": 957545
    }, 
    {
      "checksum": "md5:9abdfcc10ba94451b42ec68e4ca6ace1", 
      "filetype": "pdf/a", 
      "bucket": "20119708-2116-4a93-94b6-f54a4062d855", 
      "version_id": "1b016a78-f349-4d6f-8d71-6dd12ad54039", 
      "key": "10.5506/APhysPolB.46.45_a.pdf", 
      "size": 242804
    }
  ], 
  "arxiv_eprints": [
    {
      "value": "1501.04446", 
      "categories": [
        "hep-ex"
      ]
    }
  ], 
  "abstracts": [
    {
      "source": "Jagiellonian University", 
      "value": "The measurement of the [...] will be presented in the following."
    }
  ], 
  "imprints": [
    {
      "date": "2015-01-01", 
      "publisher": "Jagiellonian University"
    }
  ]
}